FFFF                                                                     [100%]
================================== FAILURES ===================================
____ test_chapter_translations_run_concurrently_when_concurrency_above_one ____
backend\tests\test_chapter_parallelization.py:172: in test_chapter_translations_run_concurrently_when_concurrency_above_one
    summary = await orchestrator.translate_chapters(
backend\src\novelai\services\orchestration\translation.py:2038: in translate_chapters
    selected_numbers = self._selected_chapter_numbers(meta, chapters)
                       ^^^^^^^^^^^^^^^^^^^^^^^^^^^^^^^^^^^^^^^^^^^^^^
backend\src\novelai\services\novel_orchestration_service.py:245: in _selected_chapter_numbers
    return [spec.chapter for spec in parse_chapter_selection(selection)]
                                     ^^^^^^^^^^^^^^^^^^^^^^^^^^^^^^^^^^
backend\src\novelai\utils\chapter_selection.py:47: in parse_chapter_selection
    for chap in parse_range_segment(part):
                ^^^^^^^^^^^^^^^^^^^^^^^^^
backend\src\novelai\utils\chapter_selection.py:23: in parse_range_segment
    return [int(segment)]
            ^^^^^^^^^^^^
E   ValueError: invalid literal for int() with base 10: '1,2,3'
__ test_chapter_translation_output_remains_in_source_order_under_concurrency __
backend\tests\test_chapter_parallelization.py:212: in test_chapter_translation_output_remains_in_source_order_under_concurrency
    summary = await orchestrator.translate_chapters(
backend\src\novelai\services\orchestration\translation.py:2038: in translate_chapters
    selected_numbers = self._selected_chapter_numbers(meta, chapters)
                       ^^^^^^^^^^^^^^^^^^^^^^^^^^^^^^^^^^^^^^^^^^^^^^
backend\src\novelai\services\novel_orchestration_service.py:245: in _selected_chapter_numbers
    return [spec.chapter for spec in parse_chapter_selection(selection)]
                                     ^^^^^^^^^^^^^^^^^^^^^^^^^^^^^^^^^^
backend\src\novelai\utils\chapter_selection.py:47: in parse_chapter_selection
    for chap in parse_range_segment(part):
                ^^^^^^^^^^^^^^^^^^^^^^^^^
backend\src\novelai\utils\chapter_selection.py:23: in parse_range_segment
    return [int(segment)]
            ^^^^^^^^^^^^
E   ValueError: invalid literal for int() with base 10: '1,2,3,4'
___________ test_chapter_failure_does_not_erase_successful_outputs ____________
backend\tests\test_chapter_parallelization.py:243: in test_chapter_failure_does_not_erase_successful_outputs
    await orchestrator.translate_chapters(
backend\src\novelai\services\orchestration\translation.py:2038: in translate_chapters
    selected_numbers = self._selected_chapter_numbers(meta, chapters)
                       ^^^^^^^^^^^^^^^^^^^^^^^^^^^^^^^^^^^^^^^^^^^^^^
backend\src\novelai\services\novel_orchestration_service.py:245: in _selected_chapter_numbers
    return [spec.chapter for spec in parse_chapter_selection(selection)]
                                     ^^^^^^^^^^^^^^^^^^^^^^^^^^^^^^^^^^
backend\src\novelai\utils\chapter_selection.py:47: in parse_chapter_selection
    for chap in parse_range_segment(part):
                ^^^^^^^^^^^^^^^^^^^^^^^^^
backend\src\novelai\utils\chapter_selection.py:23: in parse_range_segment
    return [int(segment)]
            ^^^^^^^^^^^^
E   ValueError: invalid literal for int() with base 10: '1,2,3'
_______________ test_chapter_concurrency_one_runs_sequentially ________________
backend\tests\test_chapter_parallelization.py:275: in test_chapter_concurrency_one_runs_sequentially
    summary = await orchestrator.translate_chapters(
backend\src\novelai\services\orchestration\translation.py:2038: in translate_chapters
    selected_numbers = self._selected_chapter_numbers(meta, chapters)
                       ^^^^^^^^^^^^^^^^^^^^^^^^^^^^^^^^^^^^^^^^^^^^^^
backend\src\novelai\services\novel_orchestration_service.py:245: in _selected_chapter_numbers
    return [spec.chapter for spec in parse_chapter_selection(selection)]
                                     ^^^^^^^^^^^^^^^^^^^^^^^^^^^^^^^^^^
backend\src\novelai\utils\chapter_selection.py:47: in parse_chapter_selection
    for chap in parse_range_segment(part):
                ^^^^^^^^^^^^^^^^^^^^^^^^^
backend\src\novelai\utils\chapter_selection.py:23: in parse_range_segment
    return [int(segment)]
            ^^^^^^^^^^^^
E   ValueError: invalid literal for int() with base 10: '1,2,3'
-------------------------- Captured stdout teardown ---------------------------
cleaned: C:\Akmal\Novel AI\backend\tests\.tmp\fixtures
cleaned: C:\Akmal\Novel AI\backend\tests\.tmp\runtime
=========================== short test summary info ===========================
FAILED backend/tests/test_chapter_parallelization.py::test_chapter_translations_run_concurrently_when_concurrency_above_one
FAILED backend/tests/test_chapter_parallelization.py::test_chapter_translation_output_remains_in_source_order_under_concurrency
FAILED backend/tests/test_chapter_parallelization.py::test_chapter_failure_does_not_erase_successful_outputs
FAILED backend/tests/test_chapter_parallelization.py::test_chapter_concurrency_one_runs_sequentially
4 failed in 5.98s
